<?xml version="1.0" encoding="utf-8"?><testsuites name="pytest tests"><testsuite name="pytest" errors="0" failures="0" skipped="0" tests="29" time="2.511" timestamp="2026-04-05T15:47:43.105606+00:00" hostname="bmax-b9"><testcase classname="tests.test_setup.TestDirectorySetup" name="test_data_dir_is_created" time="0.002" /><testcase classname="tests.test_setup.TestDirectorySetup" name="test_setup_edgartools_sets_env_vars" time="1.832" /><testcase classname="tests.test_setup.TestRunDownload" name="test_smoke_passes_correct_flags" time="0.004" /><testcase classname="tests.test_setup.TestRunDownload" name="test_facts_passes_correct_flags" time="0.002" /><testcase classname="tests.test_setup.TestRunDownload" name="test_full_passes_correct_flags" time="0.001" /><testcase classname="tests.test_setup.TestModeSelection" name="test_smoke_calls_run_download_with_smoke" time="0.039" /><testcase classname="tests.test_setup.TestModeSelection" name="test_facts_calls_run_download_with_facts" time="0.005" /><testcase classname="tests.test_setup.TestModeSelection" name="test_full_calls_run_download_with_full" time="0.005" /><testcase classname="tests.test_setup.TestEnvFileWriting" name="test_env_file_is_created" time="0.001" /><testcase classname="tests.test_setup.TestEnvFileWriting" name="test_env_file_contains_data_dir" time="0.001" /><testcase classname="tests.test_setup.TestEnvFileWriting" name="test_env_file_contains_identity" time="0.001" /><testcase classname="tests.test_setup.TestEnvFileWriting" name="test_env_file_sets_use_local_data_to_1" time="0.001" /><testcase classname="tests.test_setup.TestVerifyUnit" name="test_verify_returns_true_when_all_succeed" time="0.002" /><testcase classname="tests.test_setup.TestVerifyUnit" name="test_verify_returns_false_when_get_facts_returns_none" time="0.002" /><testcase classname="tests.test_setup.TestVerifyUnit" name="test_verify_returns_false_on_exception" time="0.001" /><testcase classname="tests.test_setup.TestVerifyUnit" name="test_verify_checks_all_tickers" time="0.002" /><testcase classname="tests.test_setup.TestEntityFactsLocalStorage" name="test_load_aapl_facts_from_fixture" time="0.002" /><testcase classname="tests.test_setup.TestEntityFactsLocalStorage" name="test_load_msft_facts_from_fixture" time="0.002" /><testcase classname="tests.test_setup.TestEntityFactsLocalStorage" name="test_get_company_facts_parses_fixture" time="0.011" /><testcase classname="tests.test_setup.TestEntityFactsLocalStorage" name="test_get_company_facts_missing_cik_raises" time="0.002" /><testcase classname="tests.test_setup.TestEntityFactsLocalStorage" name="test_verify_passes_with_fixture_facts" time="0.003" /><testcase classname="tests.test_setup.TestTmpDirDownloadPattern" name="test_download_goes_into_tmp_dir" time="0.005" /><testcase classname="tests.test_setup.TestTmpDirDownloadPattern" name="test_data_dir_renamed_to_old_on_success" time="0.004" /><testcase classname="tests.test_setup.TestTmpDirDownloadPattern" name="test_tmp_dir_becomes_data_dir_on_success" time="0.005" /><testcase classname="tests.test_setup.TestTmpDirDownloadPattern" name="test_tmp_dir_deleted_on_download_error" time="0.003" /><testcase classname="tests.test_setup.TestTmpDirDownloadPattern" name="test_stale_tmp_dir_is_removed_before_download" time="0.005" /><testcase classname="tests.test_setup.TestTmpDirDownloadPattern" name="test_metadata_file_present_in_data_dir_after_success" time="0.005" /><testcase classname="tests.test_setup.TestTmpDirDownloadPattern" name="test_metadata_has_success_status" time="0.006" /><testcase classname="tests.test_setup.TestTmpDirDownloadPattern" name="test_write_metadata_creates_valid_yaml" time="0.002" /></testsuite></testsuites>